An error occurred during live traffic capture: [Errno 1] Operation not permitted
An error occurred during live traffic capture: name 'print_packet' is not defined
Error sending packet: L2Socket.__init__() got an unexpected keyword argument 'timeout'
Error matching host to configuration file
Error matching host to configuration file
Error connecting to LIDS-D server: [Errno 111] Connection refused
Error connecting to LIDS-D server: [Errno 111] Connection refused
An error occurred during live traffic capture: get_current_ip() missing 1 required positional argument: 'interface'
Error disconnecting from the LIDS-D server: [Errno 107] Transport endpoint is not connected
Error connecting to LIDS-D server: [Errno 111] Connection refused
An error occurred during live traffic capture: [Errno 1] Operation not permitted
Error disconnecting from the LIDS-D server: [Errno 107] Transport endpoint is not connected
An error occurred during live traffic capture: [Errno 1] Operation not permitted
An error occurred during live traffic capture: [Errno 1] Operation not permitted
An error occurred during live traffic capture: [Errno 1] Operation not permitted
Error connecting to LIDS-D server: [Errno 113] No route to host
Error disconnecting from the LIDS-D server: [Errno 107] Transport endpoint is not connected
Error connecting to LIDS-D server: [Errno 113] No route to host
Error disconnecting from the LIDS-D server: [Errno 107] Transport endpoint is not connected
testError processing command: name 'server' is not defined
Error processing command: name 'server' is not defined
